2026/05/16 06:21:16 Started Launch Tool 2.0.7
2026/05/16 06:21:16 Started as PID 7428
2026/05/16 06:21:16 Started with arguments []string{"D:\\Infineon\\AURIX-Studio-1.10.28\\launch-tool\\launch-tool.exe", "D:\\smartcar\\LQ_5_16\\LQ_TC387_Software_Library\\.project"}
2026/05/16 06:21:16 Started in directory D:\smartcar\LQ_5_16\LQ_TC387_Software_Library
2026/05/16 06:21:16 Reading tool data
2026/05/16 06:21:16 Reading "D:\\Infineon\\AURIX-Studio-1.10.28\\launch-tool\\tool-details.json"
2026/05/16 06:21:16 Validating tool data
2026/05/16 06:21:16 Starting tool &main.Tool{FeatureID:"com.ifx.tb.tool.aurixide", Title:"AURIX? Development Studio", Version:"1.10.28", Path:"D:\\Infineon\\AURIX-Studio-1.10.28\\AURIX-studio.exe"}
2026/05/16 06:21:16 Starting "D:\\Infineon\\AURIX-Studio-1.10.28\\AURIX-studio.exe" with arguments []string{"D:\\smartcar\\LQ_5_16\\LQ_TC387_Software_Library\\.project"}
2026/05/16 06:21:16 Starting "D:\\Infineon\\AURIX-Studio-1.10.28\\AURIX-studio.exe" in directory "D:\\Infineon\\AURIX-Studio-1.10.28"
2026/05/16 06:21:16 Started "D:\\Infineon\\AURIX-Studio-1.10.28\\AURIX-studio.exe" as PID 27888
2026/05/16 06:21:16 Starting Launcher Service
2026/05/16 06:21:16 Starting "C:\\Users\\Lenovo\\Infineon\\LauncherService\\idc-launcher-service.exe" with arguments []string{"-featureid", "com.ifx.tb.tool.aurixide:1.10.28", "-notification", "-toolbox.service", "checkUpdate com.ifx.tb.tool.aurixide"}
2026/05/16 06:21:16 Starting "C:\\Users\\Lenovo\\Infineon\\LauncherService\\idc-launcher-service.exe" in directory "C:\\Users\\Lenovo\\Infineon\\LauncherService"
2026/05/16 06:21:17 Started "C:\\Users\\Lenovo\\Infineon\\LauncherService\\idc-launcher-service.exe" as PID 25804
2026/05/16 06:46:14 Started Launch Tool 2.0.7
2026/05/16 06:46:14 Started as PID 29752
2026/05/16 06:46:14 Started with arguments []string{"D:\\Infineon\\AURIX-Studio-1.10.28\\launch-tool\\launch-tool.exe", "D:\\smartcar\\LQ_5_16\\LQ_TC387_Software_Library\\.project"}
2026/05/16 06:46:14 Started in directory D:\smartcar\LQ_5_16\LQ_TC387_Software_Library
2026/05/16 06:46:14 Reading tool data
2026/05/16 06:46:14 Reading "D:\\Infineon\\AURIX-Studio-1.10.28\\launch-tool\\tool-details.json"
2026/05/16 06:46:14 Validating tool data
2026/05/16 06:46:14 Starting tool &main.Tool{FeatureID:"com.ifx.tb.tool.aurixide", Title:"AURIX? Development Studio", Version:"1.10.28", Path:"D:\\Infineon\\AURIX-Studio-1.10.28\\AURIX-studio.exe"}
2026/05/16 06:46:14 Starting "D:\\Infineon\\AURIX-Studio-1.10.28\\AURIX-studio.exe" with arguments []string{"D:\\smartcar\\LQ_5_16\\LQ_TC387_Software_Library\\.project"}
2026/05/16 06:46:14 Starting "D:\\Infineon\\AURIX-Studio-1.10.28\\AURIX-studio.exe" in directory "D:\\Infineon\\AURIX-Studio-1.10.28"
2026/05/16 06:46:14 Started "D:\\Infineon\\AURIX-Studio-1.10.28\\AURIX-studio.exe" as PID 30728
2026/05/16 06:46:14 Starting Launcher Service
2026/05/16 06:46:14 Starting "C:\\Users\\Lenovo\\Infineon\\LauncherService\\idc-launcher-service.exe" with arguments []string{"-featureid", "com.ifx.tb.tool.aurixide:1.10.28", "-notification", "-toolbox.service", "checkUpdate com.ifx.tb.tool.aurixide"}
2026/05/16 06:46:14 Starting "C:\\Users\\Lenovo\\Infineon\\LauncherService\\idc-launcher-service.exe" in directory "C:\\Users\\Lenovo\\Infineon\\LauncherService"
2026/05/16 06:46:14 Started "C:\\Users\\Lenovo\\Infineon\\LauncherService\\idc-launcher-service.exe" as PID 22456
2026/05/16 06:46:30 Started Launch Tool 2.0.7
2026/05/16 06:46:30 Started as PID 29888
2026/05/16 06:46:30 Started with arguments []string{"D:\\Infineon\\AURIX-Studio-1.10.28\\launch-tool\\launch-tool.exe", "D:\\smartcar\\LQ_5_16\\LQ_TC387_Software_Library\\.project"}
2026/05/16 06:46:30 Started in directory D:\smartcar\LQ_5_16\LQ_TC387_Software_Library
2026/05/16 06:46:30 Reading tool data
2026/05/16 06:46:30 Reading "D:\\Infineon\\AURIX-Studio-1.10.28\\launch-tool\\tool-details.json"
2026/05/16 06:46:30 Validating tool data
2026/05/16 06:46:30 Starting tool &main.Tool{FeatureID:"com.ifx.tb.tool.aurixide", Title:"AURIX? Development Studio", Version:"1.10.28", Path:"D:\\Infineon\\AURIX-Studio-1.10.28\\AURIX-studio.exe"}
2026/05/16 06:46:30 Starting "D:\\Infineon\\AURIX-Studio-1.10.28\\AURIX-studio.exe" with arguments []string{"D:\\smartcar\\LQ_5_16\\LQ_TC387_Software_Library\\.project"}
2026/05/16 06:46:30 Starting "D:\\Infineon\\AURIX-Studio-1.10.28\\AURIX-studio.exe" in directory "D:\\Infineon\\AURIX-Studio-1.10.28"
2026/05/16 06:46:30 Started "D:\\Infineon\\AURIX-Studio-1.10.28\\AURIX-studio.exe" as PID 19224
2026/05/16 06:46:30 Starting Launcher Service
2026/05/16 06:46:30 Starting "C:\\Users\\Lenovo\\Infineon\\LauncherService\\idc-launcher-service.exe" with arguments []string{"-featureid", "com.ifx.tb.tool.aurixide:1.10.28", "-notification", "-toolbox.service", "checkUpdate com.ifx.tb.tool.aurixide"}
2026/05/16 06:46:30 Starting "C:\\Users\\Lenovo\\Infineon\\LauncherService\\idc-launcher-service.exe" in directory "C:\\Users\\Lenovo\\Infineon\\LauncherService"
2026/05/16 06:46:30 Started "C:\\Users\\Lenovo\\Infineon\\LauncherService\\idc-launcher-service.exe" as PID 9580
2026/05/17 13:21:50 Started Launch Tool 2.0.7
2026/05/17 13:21:50 Started as PID 23608
2026/05/17 13:21:50 Started with arguments []string{"D:\\Infineon\\AURIX-Studio-1.10.28\\launch-tool\\launch-tool.exe", "D:\\smartcar\\LQ_TC387\\LQ_TC387_Software_Library\\.project"}
2026/05/17 13:21:50 Started in directory D:\smartcar\LQ_TC387\LQ_TC387_Software_Library
2026/05/17 13:21:50 Reading tool data
2026/05/17 13:21:50 Reading "D:\\Infineon\\AURIX-Studio-1.10.28\\launch-tool\\tool-details.json"
2026/05/17 13:21:50 Validating tool data
2026/05/17 13:21:50 Starting tool &main.Tool{FeatureID:"com.ifx.tb.tool.aurixide", Title:"AURIX? Development Studio", Version:"1.10.28", Path:"D:\\Infineon\\AURIX-Studio-1.10.28\\AURIX-studio.exe"}
2026/05/17 13:21:50 Starting "D:\\Infineon\\AURIX-Studio-1.10.28\\AURIX-studio.exe" with arguments []string{"D:\\smartcar\\LQ_TC387\\LQ_TC387_Software_Library\\.project"}
2026/05/17 13:21:50 Starting "D:\\Infineon\\AURIX-Studio-1.10.28\\AURIX-studio.exe" in directory "D:\\Infineon\\AURIX-Studio-1.10.28"
2026/05/17 13:21:50 Started "D:\\Infineon\\AURIX-Studio-1.10.28\\AURIX-studio.exe" as PID 29604
2026/05/17 13:21:50 Starting Launcher Service
2026/05/17 13:21:50 Starting "C:\\Users\\Lenovo\\Infineon\\LauncherService\\idc-launcher-service.exe" with arguments []string{"-featureid", "com.ifx.tb.tool.aurixide:1.10.28", "-notification", "-toolbox.service", "checkUpdate com.ifx.tb.tool.aurixide"}
2026/05/17 13:21:50 Starting "C:\\Users\\Lenovo\\Infineon\\LauncherService\\idc-launcher-service.exe" in directory "C:\\Users\\Lenovo\\Infineon\\LauncherService"
2026/05/17 13:21:50 Started "C:\\Users\\Lenovo\\Infineon\\LauncherService\\idc-launcher-service.exe" as PID 24392
2026/06/06 14:52:35 Started Launch Tool 2.0.7
2026/06/06 14:52:35 Started as PID 22828
2026/06/06 14:52:35 Started with arguments []string{"D:\\Infineon\\AURIX-Studio-1.10.28\\launch-tool\\launch-tool.exe", "D:\\Infineon\\AURIX-Studio-1.10.28\\AURIX-v1.10.28-workspace\\LQ_TC387_Software_Library\\.project"}
2026/06/06 14:52:35 Started in directory D:\Infineon\AURIX-Studio-1.10.28\AURIX-v1.10.28-workspace\LQ_TC387_Software_Library
2026/06/06 14:52:35 Reading tool data
2026/06/06 14:52:35 Reading "D:\\Infineon\\AURIX-Studio-1.10.28\\launch-tool\\tool-details.json"
2026/06/06 14:52:35 Validating tool data
2026/06/06 14:52:35 Starting tool &main.Tool{FeatureID:"com.ifx.tb.tool.aurixide", Title:"AURIX? Development Studio", Version:"1.10.28", Path:"D:\\Infineon\\AURIX-Studio-1.10.28\\AURIX-studio.exe"}
2026/06/06 14:52:35 Starting "D:\\Infineon\\AURIX-Studio-1.10.28\\AURIX-studio.exe" with arguments []string{"D:\\Infineon\\AURIX-Studio-1.10.28\\AURIX-v1.10.28-workspace\\LQ_TC387_Software_Library\\.project"}
2026/06/06 14:52:35 Starting "D:\\Infineon\\AURIX-Studio-1.10.28\\AURIX-studio.exe" in directory "D:\\Infineon\\AURIX-Studio-1.10.28"
2026/06/06 14:52:35 Started "D:\\Infineon\\AURIX-Studio-1.10.28\\AURIX-studio.exe" as PID 10540
2026/06/06 14:52:35 Starting Launcher Service
2026/06/06 14:52:35 Starting "C:\\Users\\Lenovo\\Infineon\\LauncherService\\idc-launcher-service.exe" with arguments []string{"-featureid", "com.ifx.tb.tool.aurixide:1.10.28", "-notification", "-toolbox.service", "checkUpdate com.ifx.tb.tool.aurixide"}
2026/06/06 14:52:35 Starting "C:\\Users\\Lenovo\\Infineon\\LauncherService\\idc-launcher-service.exe" in directory "C:\\Users\\Lenovo\\Infineon\\LauncherService"
2026/06/06 14:52:35 Started "C:\\Users\\Lenovo\\Infineon\\LauncherService\\idc-launcher-service.exe" as PID 22488
